\BOOKMARK [1][-]{section.1}{\376\377\137\025\212\000\202\007\125\117\230\114\133\232\177\251}{}% 1
\BOOKMARK [2][-]{subsection.1.1}{\376\377\170\154\232\324\175\004\147\137\202\007\212\055\212\010\120\107\212\055}{section.1}% 2
\BOOKMARK [2][-]{subsection.1.2}{\376\377\215\357\137\221\236\336\202\007\131\377\141\113\212\125\117\060}{section.1}% 3
\BOOKMARK [2][-]{subsection.1.3}{\376\377\126\333\226\216\153\265\211\343\154\172\155\101\172\013\151\202\217\360}{section.1}% 4
\BOOKMARK [1][-]{section.2}{\376\377\166\370\225\334\170\024\172\166\202\007\145\271\154\325\220\167\171\373}{}% 5
\BOOKMARK [2][-]{subsection.2.1}{\376\377\000R\000A\000S\000S\000C\000M\000A\000P\000\040\145\271\154\325\212\326}{section.2}% 6
\BOOKMARK [2][-]{subsection.2.2}{\376\377\225\334\223\165\143\007\152\031\133\232\177\251}{section.2}% 7
\BOOKMARK [2][-]{subsection.2.3}{\376\377\145\271\154\325\220\167\171\373\202\007\135\356\165\160\134\015\161\147}{section.2}% 8
\BOOKMARK [1][-]{section.3}{\376\377\142\113\210\123\130\064\146\157\136\372\177\156}{}% 9
\BOOKMARK [2][-]{subsection.3.1}{\376\377\000U\000S\000D\000\040\130\064\146\157\134\144\175\032\175\120\151\313}{section.3}% 10
\BOOKMARK [2][-]{subsection.3.2}{\376\377\136\247\152\031\174\373\175\161\133\232\177\251}{section.3}% 11
\BOOKMARK [2][-]{subsection.3.3}{\376\377\123\100\130\112\174\373\175\161\212\055\212\010}{section.3}% 12
\BOOKMARK [1][-]{section.4}{\376\377\174\373\175\161\147\266\151\313\202\007\145\170\144\332\155\101}{}% 13
\BOOKMARK [2][-]{subsection.4.1}{\376\377\000P\000h\000a\000s\000e\000\040\0001\377\032\000C\000M\000A\000P\000\040\136\372\172\313\202\007\121\052\123\026\144\034\134\013}{section.4}% 14
\BOOKMARK [2][-]{subsection.4.2}{\376\377\000P\000h\000a\000s\000e\000\040\0002\377\032\214\307\145\231\136\253\137\131\145\164}{section.4}% 15
\BOOKMARK [2][-]{subsection.4.3}{\376\377\000P\000h\000a\000s\000e\000\040\0003\377\032\147\345\212\142\202\007\125\137\122\325}{section.4}% 16
\BOOKMARK [2][-]{subsection.4.4}{\376\377\000P\000h\000a\000s\000e\000\040\0004\377\032\0003\000D\000\040\211\226\211\272\123\026\232\127\213\111}{section.4}% 17
\BOOKMARK [2][-]{subsection.4.5}{\376\377\136\163\123\360\220\212\165\114\202\007\212\055\212\010\164\006\165\061}{section.4}% 18
\BOOKMARK [2][-]{subsection.4.6}{\376\377\152\224\150\110\202\007\127\367\210\114\143\007\116\344\134\015\161\147\210\150}{section.4}% 19
\BOOKMARK [1][-]{section.5}{\376\377\121\052\123\026\157\024\173\227\154\325}{}% 20
\BOOKMARK [2][-]{subsection.5.1}{\376\377\116\046\210\114\164\260\130\203\136\372\177\156}{section.5}% 21
\BOOKMARK [2][-]{subsection.5.2}{\376\377\000J\000a\000c\000o\000b\000i\000a\000n\000\040\167\351\226\143\202\007\144\315\117\134\136\246\143\007\152\031}{section.5}% 22
\BOOKMARK [3][-]{subsubsection.5.2.1}{\376\377\000Y\000o\000s\000h\000i\000k\000a\000w\000a\000\040\144\315\117\134\136\246\143\007\152\031}{subsection.5.2}% 23
\BOOKMARK [2][-]{subsection.5.3}{\376\377\136\163\127\107\144\315\117\134\136\246\143\007\152\031\377\010\000A\000M\000I\377\011}{section.5}% 24
\BOOKMARK [2][-]{subsection.5.4}{\376\377\211\007\124\010\220\151\141\311\136\246\121\375\145\170\377\010\000f\000g\000\137\000s\000c\000o\000r\000e\377\011}{section.5}% 25
\BOOKMARK [2][-]{subsection.5.5}{\376\377\135\356\122\006\220\006\220\113\122\325\133\170\143\247\122\066\126\150}{section.5}% 26
\BOOKMARK [2][-]{subsection.5.6}{\376\377\225\334\173\300\226\120\122\066}{section.5}% 27
\BOOKMARK [2][-]{subsection.5.7}{\376\377\145\351\147\037\122\152\147\235\173\126\165\145}{section.5}% 28
\BOOKMARK [2][-]{subsection.5.8}{\376\377\157\024\173\227\154\325\120\175\116\343\170\274}{section.5}% 29
\BOOKMARK [1][-]{section.6}{\376\377\215\350\136\163\123\360\117\177\165\050\200\005\116\313\227\142\202\007\232\127\213\111}{}% 30
\BOOKMARK [2][-]{subsection.6.1}{\376\377\000T\000k\000i\000n\000t\000e\000r\000\040\147\345\212\142\116\313\227\142}{section.6}% 31
\BOOKMARK [3][-]{subsubsection.6.1.1}{\376\377\123\100\130\112\123\071\221\115\157\024\173\227\154\325}{subsection.6.1}% 32
\BOOKMARK [3][-]{subsubsection.6.1.2}{\376\377\000I\000s\000a\000a\000c\000\040\000S\000i\000m\000\040\125\137\122\325\152\137\122\066}{subsection.6.1}% 33
\BOOKMARK [2][-]{subsection.6.2}{\376\377\000I\000s\000a\000a\000c\000\040\000S\000i\000m\000\040\0003\000D\000\040\116\222\122\325\152\242\211\226\126\150}{section.6}% 34
\BOOKMARK [3][-]{subsubsection.6.2.1}{\376\377\000o\000m\000n\000i\000.\000u\000i\000\040\143\247\122\066\227\142\147\177}{subsection.6.2}% 35
\BOOKMARK [3][-]{subsubsection.6.2.2}{\376\377\000C\000M\000A\000P\000\040\164\003\232\324\211\206\204\313}{subsection.6.2}% 36
\BOOKMARK [3][-]{subsubsection.6.2.3}{\376\377\136\163\156\321\136\225\136\247\122\007\143\333\122\325\165\153}{subsection.6.2}% 37
\BOOKMARK [2][-]{subsection.6.3}{\376\377\000F\000o\000l\000l\000o\000w\000\040\000T\000a\000r\000g\000e\000t\377\032\000L\000u\000l\000a\000\040\000I\000K\000\040\217\375\216\144\173\241\175\332}{section.6}% 38
\BOOKMARK [3][-]{subsubsection.6.3.1}{\376\377\000L\000u\000l\000a\000\040\000I\000K\000\040\122\035\131\313\123\026}{subsection.6.3}% 39
\BOOKMARK [3][-]{subsubsection.6.3.2}{\376\377\131\032\172\056\133\120\214\240\122\006\145\057\144\034\134\013}{subsection.6.3}% 40
\BOOKMARK [3][-]{subsubsection.6.3.3}{\376\377\136\163\156\321\142\113\201\302\220\113\122\325\122\325\165\153}{subsection.6.3}% 41
\BOOKMARK [2][-]{subsection.6.4}{\376\377\000I\000s\000a\000a\000c\000\040\000L\000a\000b\000\040\201\363\000\040\000I\000s\000a\000a\000c\000\040\000S\000i\000m\000\040\220\167\171\373}{section.6}% 42
\BOOKMARK [1][-]{section.7}{\376\377\175\120\147\234\202\007\212\016\212\326}{}% 43
\BOOKMARK [2][-]{subsection.7.1}{\376\377\147\000\117\163\123\026\144\034\134\013\175\120\147\234}{section.7}% 44
\BOOKMARK [3][-]{subsubsection.7.1.1}{\376\377\225\334\223\165\211\300\133\337}{subsection.7.1}% 45
\BOOKMARK [2][-]{subsection.7.2}{\376\377\221\335\134\026\217\375\216\144\174\276\136\246\232\127\213\111}{section.7}% 46
\BOOKMARK [2][-]{subsection.7.3}{\376\377\225\213\166\174\220\116\172\013\116\055\166\204\225\334\223\165\125\117\230\114\202\007\117\356\137\251}{section.7}% 47
\BOOKMARK [3][-]{subsubsection.7.3.1}{\376\377\000B\000u\000g\000\040\0001\377\032\221\335\134\026\217\375\216\144\120\117\135\356\000\040\0001\0007\000.\0001\000\040\000c\000m}{subsection.7.3}% 48
\BOOKMARK [3][-]{subsubsection.7.3.2}{\376\377\000B\000u\000g\000\040\0002\377\032\136\225\136\247\122\007\143\333\137\214\142\113\201\302\122\207\160\310\142\226\122\325}{subsection.7.3}% 49
\BOOKMARK [3][-]{subsubsection.7.3.3}{\376\377\000B\000u\000g\000\040\0003\377\032\142\113\201\302\220\113\122\325\166\204\143\007\145\170\122\240\220\037\163\376\214\141}{subsection.7.3}% 50
\BOOKMARK [3][-]{subsubsection.7.3.4}{\376\377\000B\000u\000g\000\040\0004\377\032\147\000\117\163\136\225\136\247\143\222\136\217\220\217\217\057\177\072\226\167}{subsection.7.3}% 51
\BOOKMARK [3][-]{subsubsection.7.3.5}{\376\377\000B\000u\000g\000\040\0005\377\032\000J\000o\000i\000n\000t\000\040\0001\000\040\153\143\122\006\145\057\170\260\144\236\230\250\226\252}{subsection.7.3}% 52
\BOOKMARK [1][-]{section.8}{\376\377\134\017\175\120}{}% 53
